[debug] [2026-01-09T10:26:48.583Z] ----------------------------------------------------------------------
[debug] [2026-01-09T10:26:48.588Z] Command:       C:\Program Files\nodejs\node.exe C:\Users\Adarsh S\AppData\Roaming\npm\node_modules\firebase-tools\lib\bin\firebase.js functions:shell
[debug] [2026-01-09T10:26:48.588Z] CLI Version:   15.1.0
[debug] [2026-01-09T10:26:48.589Z] Platform:      win32
[debug] [2026-01-09T10:26:48.589Z] Node Version:  v20.19.6
[debug] [2026-01-09T10:26:48.589Z] Time:          Fri Jan 09 2026 15:56:48 GMT+0530 (India Standard Time)
[debug] [2026-01-09T10:26:48.589Z] ----------------------------------------------------------------------
[debug] 
[debug] [2026-01-09T10:26:49.809Z] > command requires scopes: ["email","openid","https://www.googleapis.com/auth/cloudplatformprojects.readonly","https://www.googleapis.com/auth/firebase","https://www.googleapis.com/auth/cloud-platform"]
[debug] [2026-01-09T10:26:49.809Z] > authorizing via signed-in user (s93494124@gmail.com)
[debug] [2026-01-09T10:26:49.809Z] [iam] checking project seasure-backend for permissions ["firebase.projects.get"]
[debug] [2026-01-09T10:26:49.811Z] Checked if tokens are valid: true, expires at: 1767956645422
[debug] [2026-01-09T10:26:49.811Z] Checked if tokens are valid: true, expires at: 1767956645422
[debug] [2026-01-09T10:26:49.812Z] >>> [apiv2][query] POST https://cloudresourcemanager.googleapis.com/v1/projects/seasure-backend:testIamPermissions [none]
[debug] [2026-01-09T10:26:49.812Z] >>> [apiv2][(partial)header] POST https://cloudresourcemanager.googleapis.com/v1/projects/seasure-backend:testIamPermissions x-goog-quota-user=projects/seasure-backend
[debug] [2026-01-09T10:26:49.812Z] >>> [apiv2][body] POST https://cloudresourcemanager.googleapis.com/v1/projects/seasure-backend:testIamPermissions {"permissions":["firebase.projects.get"]}
[debug] [2026-01-09T10:26:51.155Z] <<< [apiv2][status] POST https://cloudresourcemanager.googleapis.com/v1/projects/seasure-backend:testIamPermissions 200
[debug] [2026-01-09T10:26:51.155Z] <<< [apiv2][body] POST https://cloudresourcemanager.googleapis.com/v1/projects/seasure-backend:testIamPermissions {"permissions":["firebase.projects.get"]}
[debug] [2026-01-09T10:26:51.156Z] Emulator locator file path: C:\Users\ADARSH~1\AppData\Local\Temp\hub-seasure-backend.json
[debug] [2026-01-09T10:26:51.164Z] [functions] Functions Emulator only supports listening on one address (127.0.0.1). Not listening on ::1
[debug] [2026-01-09T10:26:51.198Z] defaultcredentials: writing to file C:\Users\Adarsh S\AppData\Roaming\firebase\s93494124_gmail_com_application_default_credentials.json
[debug] [2026-01-09T10:26:51.203Z] DEBUG: Setting GAC to C:\Users\Adarsh S\AppData\Roaming\firebase\s93494124_gmail_com_application_default_credentials.json
[debug] [2026-01-09T10:26:51.205Z] Checked if tokens are valid: true, expires at: 1767956645422
[debug] [2026-01-09T10:26:51.205Z] Checked if tokens are valid: true, expires at: 1767956645422
[debug] [2026-01-09T10:26:51.205Z] >>> [apiv2][query] GET https://firebase.googleapis.com/v1beta1/projects/seasure-backend/adminSdkConfig [none]
[debug] [2026-01-09T10:26:51.648Z] <<< [apiv2][status] GET https://firebase.googleapis.com/v1beta1/projects/seasure-backend/adminSdkConfig 200
[debug] [2026-01-09T10:26:51.649Z] <<< [apiv2][body] GET https://firebase.googleapis.com/v1beta1/projects/seasure-backend/adminSdkConfig {"projectId":"seasure-backend","storageBucket":"seasure-backend.firebasestorage.app"}
[debug] [2026-01-09T10:26:51.676Z] [functions] Watching "C:\Users\Adarsh S\OneDrive\Desktop\seasure1\SeaSure\backend\functions" for Cloud Functions...
[debug] [2026-01-09T10:26:51.686Z] Validating nodejs source
[warn] !  functions: package.json indicates an outdated version of firebase-functions. Please upgrade using npm install --save firebase-functions@latest in your functions directory. 
[debug] [2026-01-09T10:26:53.088Z] > [functions] package.json contents: {
  "name": "functions",
  "description": "Cloud Functions for Firebase",
  "type": "module",
  "main": "index.js",
  "engines": {
    "node": "18"
  },
  "scripts": {
    "serve": "firebase emulators:start --only functions",
    "shell": "firebase functions:shell",
    "start": "npm run shell",
    "deploy": "firebase deploy --only functions",
    "logs": "firebase functions:log"
  },
  "dependencies": {
    "axios": "^1.13.2",
    "dotenv": "^17.2.3",
    "firebase-admin": "^13.6.0",
    "firebase-functions": "^7.0.0",
    "form-data": "^4.0.5",
    "multer": "^2.0.2"
  },
  "devDependencies": {
    "firebase-functions-test": "^3.4.1"
  },
  "private": true
}
[debug] [2026-01-09T10:26:53.089Z] Building nodejs source
[debug] [2026-01-09T10:26:53.090Z] Failed to find version of module node: reached end of search path C:\Users\Adarsh S\OneDrive\Desktop\seasure1\SeaSure\backend\functions\node_modules
[warn] !  functions: Your requested "node" version "18" doesn't match your global version "20". Using node@20 from host. 
[debug] [2026-01-09T10:26:53.095Z] Could not find functions.yaml. Must use http discovery
[debug] [2026-01-09T10:26:53.119Z] Found firebase-functions binary at 'C:\Users\Adarsh S\OneDrive\Desktop\seasure1\SeaSure\backend\functions\node_modules\.bin\firebase-functions'
[info] Serving at port 8430

[error] node:events:502
      throw er; // Unhandled 'error' event
      ^

Error: listen EADDRINUSE: address already in use :::3002
    at Server.setupListenHandle [as _listen2] (node:net:1908:16)
    at listenInCluster (node:net:1965:12)
    at Server.listen (node:net:2067:7)
    at Function.listen (C:\Users\Adarsh S\OneDrive\Desktop\seasure1\SeaSure\backend\functions\node_modules\express\lib\application.js:635:24)
    at file:///C:/Users/Adarsh%20S/OneDrive/Desktop/seasure1/SeaSure/backend/functions/src/index.js:84:5
    at ModuleJobSync.runSync (node:internal/modules/esm/module_job:437:37)
    at ModuleLoader.importSyncForRequire (node:internal/modules/esm/loader:389:47)
    at loadESMFromCJS (node:internal/modules/cjs/loader:1363:24)
    at Module._compile (node:internal/modules/cjs/loader:1503:5)
    at Module._extensions..js (node:internal/modules/cjs/loader:1623:10)
Emitted 'error' event on Server instance at:
    at emitErrorNT (node:net:1944:8)
    at process.processTicksAndRejections (node:internal/process/task_queues:82:21) {
  code: 'EADDRINUSE',
  errno: -4091,
  syscall: 'listen',
  address: '::',
  port: 3002
}

Node.js v20.19.6

[debug] [2026-01-09T10:27:03.180Z] Failed to call quitquitquit. This often means the server failed to start request to http://localhost:8430/__/quitquitquit failed, reason:  {"message":"request to http://localhost:8430/__/quitquitquit failed, reason: ","type":"system","errno":"ECONNREFUSED","code":"ECONNREFUSED"}
